<table>
<tr>
<th>
<p>Heading 1</p>
</th>
<th>
<p>Heading 2</p>
</th>
</tr>
<tr>
<td>
<p>Cell 1</p>
</td>
<td>
<blockquote>
<p>Blockquote 1</p>
</blockquote>
</td>
</tr>
<tr>
<td>
<blockquote>
<p>Blockquote 2</p>
</blockquote>
</td>
<td>
<p>Cell 4</p>
</td>
</tr>
</table>
