<table>
<tr>
<th>
<p>Tables</p>
</th>
<th style="text-align:center">
<p>Are</p>
</th>
<th style="text-align:right">
<p>Cool</p>
</th>
</tr>
<tr>
<td>
<p>col 1 is</p>
</td>
<td style="text-align:center">
<p>left-aligned</p>
</td>
<td style="text-align:right">
<p>$1600</p>
</td>
</tr>
<tr>
<td>
<p>col 2 is</p>
</td>
<td style="text-align:center">
<p>centered</p>
</td>
<td style="text-align:right">
<p>$12</p>
</td>
</tr>
<tr>
<td>
<p>col 3 is</p>
</td>
<td style="text-align:center">
<p>right-aligned</p>
</td>
<td style="text-align:right">
<p>$1</p>
</td>
</tr>
</table>
