<table>
<tr>
<th>
<p>Heading 1</p>
</th>
<th>
<p>Heading 2</p>
</th>
</tr>
<tr>
<td>
<p>Cell 1</p>
</td>
<td>
<p>Cell 2</p>
</td>
</tr>
<tr>
<td>
<p>Cell 3</p>
</td>
<td>
<p>Cell 4</p>
</td>
</tr>
</table>
