<table>
<tr>
<th>
<p>HDR1</p>
</th>
<th>
<p>HDR2</p>
</th>
<th>
<p>HDR3</p>
</th>
</tr>
<tr>
<td>
<p>row1 col1</p>
</td>
<td>
<p>row1 col2</p>
</td>
<td>
<p>row1 col3</p>
</td>
</tr>
<tr>
<td>
<p>row2 col1</p>
</td>
<td>
<p>row2 col2</p>
</td>
<td>
<p>row3 col3</p>
</td>
</tr>
</table>
