<ul>
<li>list item
<table>
<tr>
<th>
<p>h1</p>
</th>
<th>
<p>h2</p>
</th>
</tr>
<tr>
<td>
<p>c1</p>
</td>
<td>
<p>c2</p>
</td>
</tr>
</table>
</li>
</ul>
