<table>
<tr>
<th>
<p>Header</p>
</th>
<th>
<p>thing</p>
</th>
<th>
<p></p>
</th>
</tr>
<tr>
<td>
<p>Cell</p>
</td>
<td>
<p>Cell</p>
</td>
<td>
<p></p>
</td>
</tr>
<tr>
<td>
<p>Cell</p>
</td>
<td>
<p></p>
</td>
</tr>
</table>
