<table>
<tr>
<th>
<p>cell 1</p>
</th>
<th>
<p>cell 2</p>
</th>
</tr>
<tr>
<td>
<p></p>
</td>
<td>
<p></p>
</td>
</tr>
<tr>
<td>
<p></p>
</td>
<td>
<p></p>
</td>
</tr>
<tr>
<td>
<p></p>
</td>
<td>
<p></p>
</td>
</tr>
<tr>
<td>
<p></p>
</td>
<td>
<p></p>
</td>
</tr>
<tr>
<td>
<p>content 1</p>
</td>
<td>
<p></p>
</td>
</tr>
</table>
