<table>
<tr>
<th>
<p>One</p>
</th>
<th>
<p>Two</p>
</th>
<th>
<p>Three</p>
</th>
</tr>
<tr>
<td>
<p>One</p>
</td>
<td>
<p>Two</p>
</td>
<td>
<p>Three</p>
</td>
</tr>
</table>
<p>-\n- one</p>
